// Jest Snapshot v1, https://goo.gl/fbAQLP

exports[`VenueThemeProvider 1`] = `
.c0 {
  color: #f0f0f0;
  background-color: #555;
}

<div
  className="c0"
/>
`;
